../Core/Src/main.c:217:6:SystemClock_Config	96	static,ignoring_inline_asm
../Core/Src/main.c:448:6:Delay_useg	8	static,ignoring_inline_asm
../Core/Src/main.c:457:6:conv_int_hex	0	static
../Core/Src/main.c:500:6:send_to_lcd	16	static
../Core/Src/main.c:487:6:lcd_send_cmd	8	static
../Core/Src/main.c:468:6:lcd_init	8	static
../Core/Src/main.c:522:6:lcd_send_data	8	static
../Core/Src/main.c:535:6:lcd_send_string	8	static
../Core/Src/main.c:540:6:lcd_put_cur	0	static
../Core/Src/main.c:558:6:lcd_clear	8	static
../Core/Src/main.c:607:6:get_time	24	static
../Core/Src/main.c:628:6:display_time	8	static
../Core/Src/main.c:84:5:main	88	static,ignoring_inline_asm
../Core/Src/main.c:646:6:HAL_RTC_AlarmAEventCallback	0	static
../Core/Src/main.c:657:6:Error_Handler	0	static,ignoring_inline_asm
